..........................,...................................................
..........................,...................................................
.........T.................,.................................................
............T..............,..................................................	some trees
.........T...TT...........,...................................................
............TTT..........,....................................................
.........................,....................................................
.........................,....................................................
.........................,....................................................
........................,.....................................................
.......................,......................................................
.......................,......................................................
........................,.....................................................
.............#####......,.....................................................
.............#:::#.....,......................................................
.............#:::#....,................................==..................===
.............##+##...,..............................=====..........==========.	water
...............,....,.............................===================.........
................,,,,.............................===============..............
...................................................===========................
.....................................................=======..................
......................................................===.....................
.................T.....................................==.....................
........................................................=.....................
.......................................................=......................
........................................................=.....................
..............................................................................
..............................................................................
..............................................................................
..............................................................................
.......................................................T...................T..
..........................................................................TTT.
..........................................................................T...
........................................................................T..T..
.........................................................................T.T.T
...........................................................................T.T
...................TT................;......................................T.
.....................................;;.......................................
....................T...............;....;....................................	flowers
....^................................;........................................
.....^........................................................................
....^..................T......................................................
.^^^^.........................................................................
^^^...........................................................................	mountains
^^^^^^. ^......................................................................